1000:BAHIA COCOA REVIEW
1001:NATIONAL AVERAGE PRICES FOR FARMER-OWNED RESERVE
1002:ARGENTINE 1986/87 GRAIN/OILSEED REGISTRATIONS
1003:CHAMPION PRODUCTS <CH> APPROVES STOCK SPLIT
1004:COMPUTER TERMINAL SYSTEMS <CPML> COMPLETES SALE
1005:COBANCO INC <CBCO> YEAR NET
1006:OHIO MATTRESS <OMT> MAY HAVE LOWER 1ST QTR NET
1007:AM INTERNATIONAL INC <AM> 2ND QTR JAN 31
1008:BROWN-FORMAN INC <BFD> 4TH QTR NET
1009:DEAN FOODS <DF> SEES STRONG 4TH QTR EARNINGS
1010:BONUS WHEAT FLOUR FOR NORTH YEMEN  -- USDA
1011:MAGMA LOWERS COPPER 0.75 CENT TO 66 CTS
1012:BROWN-FORMAN <BFDB> SETS STOCK SPLIT, UPS PAYOUT
1013:ESQUIRE RADIO AND ELECTRONICS INC <EE> 4TH QTR
1014:UNITED PRESIDENTIAL CORP <UPCO> 4TH QTR NET
1015:JANUARY HOUSING SALES DROP, REALTY GROUP SAYS
1016:ASSETS OF MONEY MARKET MUTUAL FUNDS ROSE 720.4 MLN DLRS IN LATEST WEEK 
1017:OWENS AND MINOR INC <OBOD> RAISES QTLY DIVIDEND
1018:COMPUTER LANGUAGE RESEARCH IN <CLRI> 4TH QTR
1019:<CINRAM LTD> 4TH QTR NET
1020:STANDARD TRUSTCO SEES BETTER YEAR
1021:HANDY AND HARMAN <HNH> 4TH QTR LOSS
1022:ICO PRODUCERS TO PRESENT NEW COFFEE PROPOSAL
1023:MCLEAN'S <MII> U.S. LINES SETS ASSET TRANSFER
1024:CHEMLAWN <CHEM> RISES ON HOPES FOR HIGHER BIDS
1025:U.S. SUGAR IMPORTS DOWN IN WEEK - USDA
1026:BRAZIL ANTI-INFLATION PLAN LIMPS TO ANNIVERSARY
1027:N.Z. OFFICIAL FOREIGN RESERVES FALL IN JANUARY
1028:AGENCY REPORTS 39 SHIPS WAITING AT PANAMA CANAL
1029:AMERICA FIRST MORTGAGE SETS SPECIAL PAYOUT
1030:EMHART CORP <EMH> QTLY DIVIDEND
1031:AM INTERNATIONAL <AM> CITES STRONG PROSPECTS
1032:CCC CREDITS FOR HONDURAS SWITCHED TO WHITE CORN
1033:ASSETS OF U.S. MONEY FUNDS ROSE IN WEEK
1034:GULF BARGE FREIGHT RATES UP FURTHER ON CALL
1035:GULF APPLIED <GATS> SELLS UNITS, SEES GAIN
1036:FARMERS GROUP INC <FGRP> 4TH QTR NET
1037:POTOMAC ELECTRIC POWER CO <POM> JAN NET
1038:<COFAB INC> BUYS GULFEX FOR UNDISCLOSED AMOUNT
1039:U.S. WEEKLY SOYBEAN CRUSH 21,782,929 BUSHELS
1040:TULTEX CORP <TTX> SETS QUARTERLY DIVIDEND
1041:ATICO FINANCIAL CORP <ATFC> 4TH QTR NET
1042:ICO EXPORTERS TO MODIFY NEW PROPOSAL
1043:U.S. COMMERCIAL PAPER FALLS 375 MLN DLRS IN FEB 18 WEEK, FED SAYS 
1044:N.Y. BUSINESS LOANS FALL 195 MLN DLRS IN FEB 18 WEEK, FED SAYS 
1045:NEW YORK BANK DISCOUNT WINDOW BORROWINGS 64 MLN DLRS IN FEB 25 WEEK 
1046:NEW YORK BUSINESS LOANS FALL 195 MLN DLRS
1047:N.Y. BANK DISCOUNT BORROWINGS 64 MLN DLRS
1048:PHILIPPINE LONG DISTANCE <PHI> YEAR NET
1049:LIBERTY ALL-STAR EQUITY FUND INITIAL DIV
1050:COMBUSTION ENGINEERING INC <CSP> REGULAR DIV
1051:TONKA CORP <TKA> RAISES DIVIDEND
1052:BDM INTERNATIONAL <BDM> INCREASES QTRLY DIVS
1053:SYSTEMATICS INC <SYST> REGULAR PAYOUT
1054:U.S. M-1 MONEY SUPPLY RISES 2.1 BILLION DLRS IN FEB 16 WEEK, FED SAYS 
1055:<IVACO INC> YEAR NET
1056:U.S. BANK DISCOUNT BORROWINGS AVERAGE 310 MLN DLRS IN FEB 25 WEEK, FED SAYS 
1057:U.S. BANK NET FREE RESERVES 644 MLN DLRS IN TWO WEEKS TO FEB 25, FED SAYS 
1058:INVESTMENT FIRMS CUT CYCLOPS <CYL> STAKE
1059:ASCS TERMINAL MARKET VALUES FOR PIK GRAIN
1060:CORADIAN CORP <CDIN> 4TH QTR NET
1061:
1062:N.Z. TRADING BANK DEPOSIT GROWTH RISES SLIGHTLY
1063:
1064:
1065:
1066:WORLD MARKET PRICE FOR UPLAND COTTON - USDA
1067:SUGAR QUOTA IMPORTS DETAILED -- USDA
1068:GRAIN SHIPS LOADING AT PORTLAND
1069:MERIDIAN BANCORP INC <MRDN> SETS REGULAR PAYOUT
1070:U.S. BANK DISCOUNT BORROWINGS 310 MLN DLRS
1071:AMERICAN EXPRESS <AXP> SEEN IN POSSIBLE SPINNOFF
1072:U.S. M-1 MONEY SUPPLY ROSE 2.1 BILLION DLRS
1073:LIBERTY ALL-STAR <USA> SETS INITIAL PAYOUT
1074:CHINESE PORK OUTPUT SEEN LOWER -- USDA
1075:IVACO SEES MINIMAL FIRST QUARTER EARNINGS
1076:U.S. GRAIN CARLOADINGS FALL IN WEEK
1077:HONG KONG FIRM UPS WRATHER<WCO> STAKE TO 11 PCT
1078:COLECO INDUSTRIES INC <CLO> 4TH QTR
1079:DIAMOND SHAMROCK (DIA) CUTS CRUDE PRICES
1080:LIEBERT CORP <LIEB> APPROVES MERGER
1081:NORTHERN TELECOM PROPOSES TWO-FOR-ONE STOCK SPLIT 
1082:COLECO INDUSTRIES <CLC> SEES PROFIT IN 1987
1083:
1084:
1085:GULF APPLIED TECHNOLOGIES <GATS> SELLS UNITS
1086:INVESTMENT GROUP RAISES ROBESON <RBSN> STAKE
1087:GAO LIKELY TO SHOW CERTS MORE COSTLY THAN CASH
1088:DAHLBERG INC <DAHL> 4TH QTR NET
1089:CITY NATIONAL CORP <CTYN> RAISES DIVIDEND
1090:<PAGE PETROLEUM LTD> YEAR LOSS
1091:IDB COMMUNICATIONS GROUP INC <IDBX> YEAR NET
1092:ARMOR ALL PRODUCTS CORP <ARMR> QUARTERLY DIV
1093:OPEC MAY HAVE TO MEET TO FIRM PRICES - ANALYSTS
1094:CENERGY <CRG> REPORTS 4TH QTR NET PROFIT
1095:NORTHERN TELECOM LTD <NT> DECLARES STOCK SPLIT
1096:TORCHMARK <TMK> AUTHORIZES STOCK REPURCHASE
1097:TECHAMERICA GROUP INC <TCH> 4TH QTR LOSS
1098:WILFRED AMERICAN EDUCATIONAL <WAE> REGULAR DIV
1099:DREXEL OFFICIAL HAS STAKE IN EPSILON DATA <EPSI>
1100:<NOVA> WINS GOVERNMENT OKAY FOR HUSKY <HYO> DEAL
1101:POTOMAC ELECTRIC POWER CO <POM> JANUARY NET
1102:SUFFIELD FINANCIAL <SSBK> GETS FED APPROVAL
1103:AFG INDUSTRIES INC <AFG> QUARTERLY DIVIDEND
1104:<GSW INC> YEAR NET
1105:SANTA ANITA REALTY <SAR> QUARTERLY DIVIDEND
1106:LIQUID AIR CORP <LANA> QUARTERLY DIVIDEND
1107:(MARSHALL STEEL LTD) YEAR NET
1108:MARSHALL STEEL DETAILS GAIN FROM UNIT SALE
1109:MAYFAIR INDUSTRIES INC <MAYF> 4TH QTR NET
1110:LNG IMPORTS FROM ALGERIA UNLIKELY IN 1987
1111:SWISS ECONOMY IN EXCELLENT CONDITION, OECD SAYS
1112:U.S. WHEAT BONUS TO SOVIET CALLED DORMANT
1113:ALATENN RESOURCES INC <ATNG> 4TH QTR NET
1114:VERSATILE TO SELL UNIT TO VICON
1115:VIDEOTRON BUYS INTO EXHIBIT COMPANY
1116:<MEMOTEC DATA INC> YEAR NET
1117:TEXACO CANADA CUTS CRUDE PRICES 64 CANADIAN CTS/BBL, PAR GRADE TO 22.26 CANADIAN DLRS 
1118:TEXACO CANADA <TXC> LOWERS CRUDE POSTINGS
1119:USDA SAID UNLIKELY TO BROADEN CORN BONUS OFFER
1120:MARATHON PETROLEUM REDUCES CRUDE POSTINGS
1121:<GEORGE WESTON LTD> YEAR NET
1122:RELIEF TO U.S. CORN/OATS GROWERS SAID LIKELY
1123:N.Z. MONEY SUPPLY RISES 3.6 PCT IN DECEMBER
1124:CIRCUIT SYSTEMS <CSYI> BUYS BOARD MAKER
1125:FALLING SOYBEAN CRUSH RATIOS CUT OUTPUT
1126:MAIL BOXES ETC <MAIL> 3RD QTR JAN 31 NET
1127:MUNSINGWEAR INC <MUN> 4TH QTR JAN 3 LOSS
1128:FED DATA SUGGEST STABLE U.S. MONETARY POLICY
1129:FRANCE FACES PRESSUE TO CHANGE POLICIES
1130:GTI CORP <GTI> 4TH QTR OPER NET
1131:HOUSTON OIL <HO> RESERVES STUDY COMPLETED
1132:FAMOUS RESTAURANTS INC <FAMS> 4TH QTR LOSS
1133:JAPAN CONSUMER PRICES FALL 0.4 PCT IN JANUARY
1134:AVERY <AVY> SETS TWO FOR ONE STOCK SPLIT
1135:
1136:N.Z. CENTRAL BANK SEES SLOWER MONEY, CREDIT GROWTH
1137:AVERAGE YEN CD RATES FALL IN LATEST WEEK
1138:JAPAN EXPECTED TO CUT BASE RATE FOR STATE BODIES
1139:AUSTRALIA'S KEATING CHANGES ECONOMIC FORECASTS
1140:THAI RICE EXPORTS RISE IN WEEK ENDED FEBRUARY 24
1141:TOKYO GRAIN EXCHANGE TO RAISE MARGIN REQUIREMENTS
1142:PRODUCER SPLIT HEATS UP COFFEE QUOTA TALKS
1143:ITALIAN TREASURY CUTS INTEREST ON CERTIFICATES
1144:INDONESIAN AGRICULTURE GROWTH EXPECTED TO SLOW
1145:KUWAIT SAYS NO PLANS FOR EMERGENCY OPEC TALKS
1146:INDONESIA SEEN AT CROSSROADS OVER ECONOMIC CHANGE
1147:CHINESE WHEAT CROP THREATENED BY PESTS, DISEASE
1148:SAUDI RIYAL DEPOSIT RATES REMAIN FIRM
1149:QATAR UNVEILS BUDGET FOR FISCAL 1987/88
1150:GULF BOND, STOCK MARKETS LAG BEHIND, GIB SAYS
1151:SAUDI ARABIA REITERATES COMMITMENT TO OPEC PACT
1152:COFFEE QUOTA TALKS CONTINUE, NO ACCORD SEEN LIKELY
1153:CANADA-EGYPT WHEAT NEGOTIATIONS TO CONTINUE
1154:INDONESIAN WHEAT IMPORTS EXPECTED TO FALL IN 1987
1155:ZAMBIA TO RETAIN CURRENCY AUCTION, SAYS KAUNDA
1156:INDONESIAN SUGAR OUTPUT SEEN SHORT OF TARGET
1157:NIPPON KOKAN STEEL AFFILIATES CONSIDERING MERGER
1158:INDONESIA UNLIKELY TO IMPORT PHILIPPINES COPRA
1159:JAPAN FEBRUARY INTERIM TRADE SURPLUS JUMPS
1160:NIPPON LIGHT METAL CONTINUES ALUMINIUM OUTPUT CUT
1161:SAUDI FEBRUARY CRUDE OUTPUT PUT AT 3.5 MLN BPD
1162:INDONESIAN PALM OIL OUTPUT EXPECTED TO RISE
1163:INDONESIAN TEA, COCOA EXPORTS SEEN UP, COFFEE DOWN
1164:JAPAN'S NTT FORECASTS PROFITS FALL IN 1987/88
1165:CHINA SIGNS WORLD BANK LOAN FOR TIANJIN PORT
1166:Japan February external reserves record 51.73 billion dlrs (January 51.46 billion) 
1167:JAPAN FEBRUARY RESERVES RECORD 51.73 BILLION DLRS
1168:ICO TALKS ON COFFEE QUOTAS TO RESUME AT NOON
1169:INDIAN SUGAR OUTPUT RISES IN FIRST FOUR MONTHS
1170:NEW DUTCH ADVANCES TOTAL 4.8 BILLION GUILDERS
1171:JAPAN BUYS SOME 95,000 TONNES SOYBEANS FROM CHINA
1172:SHV SAYS IT MAKING TENDER OFFER FOR UP TO 33 MLN SHARES IN IC GAS 
1173:CHEUNG KONG (HOLDINGS) LTD <CKGH.HK> YEAR 1986
1174:WALLENBERGS FIGHT BID FOR SWEDISH MATCH STAKE
1175:INDONESIAN SOYBEAN IMPORTS FORECAST TO RISE
1176:SHV SAYS IT MAKING TENDER OFFER FOR IC GAS
1177:U.K. MONEY MARKET DEFICIT FORECAST AT 800 MLN STG
1178:BLACK MINERS SUPPORT S. AFRICAN MINES TAKEOVER
1179:THAILAND ANNOUNCES THIRD TAPIOCA QUOTA FOR EC
1180:ATPC MEMBERS FIND WAYS TO CURB TIN EXPORTS
1181:SOUTH KOREA TO HOLD CURRENT ACCOUNT SURPLUS DOWN
1182:DUTCH OILSEEDS/FATS IMPORTS ROSE IN 1986
1183:CHINA'S HEILONGJIANG PROVINCE BOOSTS GOLD OUTPUT
1184:SALE TILNEY BUYS STAKE IN U.S. INSURANCE BROKER
1185:ESTIMATED DROP IN JAPAN CORPORATE PROFITS TRIMMED
1186:INDIA BUYS 46,000 TONNES OF VEGETABLE OILS
1187:JAPAN TO PROMOTE INTEREST RATE LIBERALISATION
1188:TAIWAN POWER FIRM PLANS MORE FOREIGN DEBT CUTS
1189:DUTCH ANIMAL FEED USAGE DOWN IN FIRST HALF SEASON
1190:U.K. CONFIRMS JANUARY STERLING M3 RISE
1191:EXCO BUYS U.S. GOVERNMENT SECURITIES BROKER
1192:PAKISTAN TO TENDER FOR RBD PALM OIL
1193:COLOROLL AGREES TO BUY U.S. WALLCOVERINGS COMPANY
1194:U.K. MONEY MARKET SHORTAGE FORECAST REVISED DOWN
1195:SWEDEN TO GO AHEAD WITH S. AFRICAN TRADE SANCTIONS
1196:U.K. MONEY MARKET RECEIVES 37 MLN STG ASSISTANCE
1197:JAPAN, U.S. SET TO BEGIN HIGH-LEVEL TRADE TALKS
1198:INDIA TO HOLD WHITE SUGAR BUYING TENDER
1199:CARLTON COMMUNICATIONS OPTIMISTIC FOR 1987
1200:EC OPENS ANTI-DUMPING ENQUIRY INTO SOVIET MERCURY
1201:GULF ARAB DEPUTY OIL MINISTERS TO MEET IN BAHRAIN
1202:SAUDI ARABIA REITERATES COMMITMENT TO OPEC ACCORD
1203:KUWAIT MINISTER SAYS NO EMERGENCY OPEC TALKS SET
1204:TAIWAN PLANS NEW TARIFF CUTS
1205:HUTCHISON SEES HIGHER PAYOUT, SATISFACTORY PROFITS
1206:SCIENTIFIC MICRO SYSTEMS <SMSI> ACUIRES SUPERMAC
1207:AMERICAN EXPRESS <AXP> VIEWING SHEARSON OPTIONS
1208:ROPAK <ROPK> HAS 34 PCT OF BUCKHORN <BKN>
1209:PHILADELPHIA PORT CLOSED BY TANKER CRASH
1210:PENRIL <PNL> SEEKS TO SELL TWO UNITS
1211:<DALE BURDETT INC> FACES DAMAGE CLAIM
1212:PUROLATOR <PCC> IN BUYOUT WITH HUTTON <EFH>
1213:PAKISTAN COTTON OUTPUT REACHES 7.7 MLN BALES
1214:FINANCIAL SANTA BARBARA <FSB> TO MAKE PURCHASE
1215:ALCAN TO CLOSE WEST GERMAN ALUMINIUM SMELTER
1216:BBC AG BROWN BOVERI UND CIE <BBCZ.Z> 1986 YEAR
1217:MARRIOTT <MHS> TO SELL HOTEL
1218:BROWN BOVERI OMITS DIVIDEND, PLANS WARRANT BOND
1219:VIACOM SAID IT HAS NEW NATIONAL AMUSEMENTS, MCV HOLDINGS BIDS 
1220:LAROCHE STARTS BID FOR NECO <NPT> SHARES
1221:<SDC SYDNEY DEVELOPMENT CORP> NINE MTHS LOSS
1222:SENIOR ENGINEERING MAKES 12.5 MLN DLR US PURCHASE
1223:CHEUNG KONG CHAIRMAN SEES STRONG RESULTS IN 1987
1224:WHITTAKER CORP 1ST QTR OPER SHR 17 CTS VS 25 CTS 
1225:VIACOM <VIA> RECEIVES TWO REVISED OFFERS
1226:FRENCH ESTIMATE 86/87 WHEAT DELIVERIES UNCHANGED
1227:WASTE MANAGEMENT CORP VOTES TWO FOR ONE STOCK SPLIT AND BOOSTS QTLY DIVIDEND TO 18 CTS 
1228:PITTSTON AGREES TO ACQUIRE WTC INTERNATIONAL IN EXCHANGE OF STOCK 
1229:TUESDAY MORNING INC <TUES> 4TH QTR NET
1230:DIAGNOSTIC/RETRIEVAL SYSTEMS INC MAKES 53 MLN DLR BID FOR ROSPATCH CORP 
1231:MILLER TABAK HAS 91.8 PCT OF PENN TRAFFIC <PNF>
1232:COFFEE QUOTA TALKS CONTINUE BUT NO AGREEMENT YET
1233:WASTE MANAGEMENT <WMX> VOTES SPLIT, UPS PAYOUT
1234:POREX TECHNOLOGIES <PORX> SETS INITIAL DIVIDEND
1235:DAVIS WATER <DWWS> DECLARES STOCK DIVIDEND
1236:MEDCO CONTAINMENT <MCCS> SETS INITIAL PAYOUT
1237:PITTSTON <PCO> AGREES TO ACQUIRE WTC <WAF>
1238:SDC SYDNEY COST REVIEW MAY ELIMINATE PRODUCTS
1239:<MULTI-STEP PRODUCTS INC> SIX MTHS DEC 31 LOSS
1240:U.K. MONEY MARKET OFFERED BORROWING FACILTIES
1241:SWISS SIGHT DEPOSITS RISE 3.10 BILLION FRANCS
1242:
1243:CONSOLIDATED TVX SAYS IT WILL ISSUE SHARES TO BUY STAKES IN THREE BRAZIL MINING FIRMS 
1244:WHITTAKER CORP <WKR> 1ST QTR JAN 31 NET
1245:STOP AND SHOP COS INC <SHP> 4TH QTR JAN 31 NET
1246:JIM WALTER CORP <JWC> REGULAR DIVIDEND
1247:DIAGNOSTIC <DRS> MAKES A BID FOR ROSPATCH <RPCH>
1248:RECORD N.Z. FUTURES VOLUMES TRADED IN FEBRUARY
1249:WHITTAKER <WKR> TO HAVE GAINS FROM SALES
1250:THE JAPAN FUND <JPN> GETS BUYOUT OFFER
1251:<SAMSUNG CO> CALENDAR 1986
1252:<DAEWOO CORP> CALENDAR 1986
1253:CORNING TO OFFER 0.5165 SHARE FOR EACH HAZLETON SHARE UNDER EARLIER AGREEMENT 
1254:BANK OF NEW YORK <BK> TO HAVE GAIN ON UNIT SALE
1255:CORNING <GLW>, HAZLETON <HLC> SET EXCAHNGE RATIO
1256:HEALTH EXPERTS URGE ERADICATION OF RINDERPEST
1257:TURKISH RETAIL PRICES RISE 2.7 PCT IN FEBRUARY
1258:BALLY <BLY> COMPLETES PURCHASE OF GOLDEN NUGGET
1259:CONSOLIDATED TVX TO BUY BRAZIL GOLD MINE STAKES
1260:WARWICK INSURANCE MANAGERS INC <WIMI> 4TH QTR
1261:CANADA INDUSTRIAL PRICES UP 0.2 PCT IN MONTH
1262:GELCO CORP 2ND QTR SHR 67 CTS VS 23 CTS 
1263:STROBER ORGANIZATION INC <STRB> 4TH QTR NET
1264:SHELL CANADA CUTS CRUDE OIL PRICES BY UP TO 1.27 CANADIAN DLRS/BBL EFFECTIVE MARCH ONE 
1265:BRENCO INC <BREN> DECLARES QTLY DIVIDEND
1266:MASSACHUSETTS INVESTORS GROWTH STOCK FUND PAYOUT
1267:<PREMDOR INC> 4TH QTR NET
1268:AMERICAN NURSERY <ANSY> BUYS FLORIDA NURSERY
1269:MFS MANAGED SECTORS TRUST DIVIDEND INCREASED
1270:MULTI-STEP TO SELL LADDER UNIT, CANCEL SHARES
1271:ESSELTE BUSINESS <ESB> UNIT BUYS ANTONSON UNIT
1272:FED EXPECTED TO ADD TEMPORARY RESERVES
1273:FOUR SEASONS BUYING MARRIOTT <MHS> HOTEL
1274:STONE <STO> SPLITS STOCK, RAISES PAYOUT
1275:S-K-I LTD <SKII> 2ND QTR JAN 25 NET
1276:KAPOK CORP <KPK> YEAR SEPT 30 LOSS
1277:CARGILL U.K. STRIKE TALKS POSTPONED
1278:AMAX <AMX> IN GOLD, SILVER FIND
1279:STUDY GROUP URGES INCREASED U.S. OIL RESERVES
1280:K-TRON INTERNATIONAL INC <KTII> 4TH QTR NET
1281:PRESIDENTIAL REALTY CORP <PDO> ANNUAL NET
1282:REDSTONE DETAILS SWEETENED VIACOM <VIA> OFFER
1283:MONTEDISON CONCLUDES TALKS WITH ANTIBIOTICOS
1284:UTILICORP <UCU> COMPLETES ACQUISITION
1285:TRADERS DETAIL FRENCH CEREAL EXPORT REQUESTS
1286:STUDY GROUP URGES INCREASED U.S. OIL RESERVES
1287:CARBIDE <UK> LOOKS TO ACQUISITIONS FOR GROWTH
1288:CORRECTED - BANKAMERICA NEGOTIATING SALE OF UNITS
1289:<FRANKLIN GOLD FUND> CUTS DIVIDEND
1290:<FRANKLIN CALIFORNIA TAX-FREE INCOME FUND>PAYOUT
1291:<FRANKLIN AGE HIGH INCOME FUND> SETS PAYOUT
1292:PETRO-CANADA CUT CRUDE PRICES BY 1.43 CANADIAN DLRS/BBL EFFECTIVE MARCH ONE 
1293:<FRANKLIN FEDERAL TAX-FREE INCOME FUND> PAYOUT
1294:<FRANKLIN NEW YORK TAX-FREE INCOME FUND> PAYOUT
1295:<FRANKLIN U.S. GOVERNMENT SECURITIES FUND>PAYOUT
1296:CANADA RULING ON U.S. CORN INJURY DUE THIS WEEK
1297:FIRST MISSISSIPPI CORP <FRM> SETS PAYOUT
1298:ROTTERDAM PORT UNION AND EMPLOYERS TO MEET
1299:FED SETS 1.5 BILLION DLR CUSTOMER REPURCHASE, FED SAYS 
1300:JIM WALTER CORP <JWC> SETS PAYOUT
1301:FED ADDS RESERVES VIA CUSTOMER REPURCHASES
1302:JAPAN'S NTT FORECASTS PROFITS FALL IN 1987/88
1303:EC COMMISSION GIVEN PLAN TO SAVE STEEL INDUSTRY
1304:DURO-TEST CORP <DUR> 2ND QTR JAN 31 NET
1305:<FRANKLIN UTILITIES FUND> SETS PAYOUT
1306:GELCO CORP <GEL> 2ND QTR JAN 31 NET
1307:INTERNCHANGE FINANCIAL SERVICES <ISBJ> PAYOUT UP
1308:KAPOK CORP <KPK> IN TECHNICAL DEFAULT
1309:NEWPORT CORP <NESP> 2ND QTR JAN 31 NET
1310:KAPOK CORP <KPK> 1ST QTR DEC 31 LOSS
1311:PREFERRED HEALTHCARE LTD <PHCC> 4TH QTR NET
1312:TRANZONIC COS <TNZ> SETS QUARTERLY
1313:CRONUS INDUSTRIES INC <CRNS> 4TH QTR LOSS
1314:MERCURY ENTERTAINMENT CORP <MCRY> YEAR NOV 30
1315:BENGUET CORP <BE> CALENDAR 1986
1316:UNOCAL <UCL> UNIT CUTS CRUDE OIL POSTED PRICES
1317:PANHANDLE'S <PEL> TRUNKLINE REDUCES GAS RATES
1318:INVESTOR GROUP HAS TALKS WITH PESCH ON AMI <AMI>
1319:I.M.S. INTERNATIONAL INC <IMSI> SETS QUARTERLY
1320:BANNER <BNR> COMPLETES TENDER FOR REXNORD <REX>
1321:MUTUAL OF OMAHA INTEREST SHARES <MUO> QTLY DIV
1322:CORRECTED - BANKAMERICA NEGOTIATING UNITS SALE
1323:OSR <OSRC> TO MAKE ACQUISITION
1324:MERCURY ENTERTAINMENT <MCRY> SEES BETTER RESULTS
1325:CRONUS INDUSTRIES INC <CRNS> SELLS UNIT
1326:UNISYS CORP <UIS> SETS QUARTERLY
1327:JACOBSON <JCBS> VOTES SPLIT, INCREASES PAYOUT
1328:HARLEY-DAVIDSON INC <HDI> 4TH QTR NET
1329:<HOECHST AG> COMPLETES CELANESE <CZ> ACQUISITION
1330:AMERICUS TRUST <HPU> EXTENDS DEADLINE
1331:MORSE SHOE INC <MRS> 4TH QTR NET
1332:ICO QUOTA TALKS CONTINUE, OUTCOME HARD TO GAUGE
1333:VERSATILE TO BUILD POLAR ICE BREAKER
1334:<PANTRY INC> INB TALKS ON BEING ACQUIRED
1335:CONGRESS VIDEO GROUP INC <CVGI> 3RD QTR NET
1336:<RENOUF CORP> TO PROCEED WITH BENEQUITY <BH> BID
1337:CUBA TELLS TRADERS SUGAR EXPORTS MAY BE DELAYED
1338:GOODRICH <GR> TO PHASE OUT SOME BUSINESSES
1339:THUNANDER CORP <THDR> YEAR NET
1340:FINAL TRUST FOR THRIFT INSTITUTIONS PAYOUT SET
1341:(RPT) U.S. SAYS TIN DISPOSALS WILL NOT AFFECT ACCORD
1342:ROSPATCH TO RESPOND TO DIAGNOSTIC BID 
1343:FRANKLIN INSURED TAX-FREE SETS PAYOUT
1344:FRANKLIN MINNESOTA INSURED SETS PAYOUT
1345:FRANKLIN MICHIGAN INSURED SETS PAYOUT
1346:FRANKLIN MASSACHUSETTS INSURED CUTS PAYOUT
1347:U.S. EXPORT INSPECTIONS, IN THOUS BUSHELS  SOYBEANS 20,349 WHEAT 14,070 CORN 21,989 
1348:FRANKLIN CALIFORNIA TAX-FREE SETS PAYOUT
1349:DIAGNOSTIC PRODUCTS <DPCZ> SEES EARNINGS GROWTH
1350:CURRENCIES COULD INFLUENCE BULLION AGAIN-MONTAGU
1351:DUNKIN' DONUTS INC <DUNK> 1ST QTR JAN 24 NET
1352:CCR VIDEO CORP <CCCR> 1ST QTR NOV 30 NET
1353:FRANKLIN PUERTO RICO TAX-FREE SETS PAYOUT
1354:FRANKLIN OHIO INSURED TAX-FREE SETS PAYOUT
1355:FRANKLIN HIGH-YIELD TAX-FREE SETS PAYOUT
1356:CONVERGENT TECHNOLOGIES <CVGT> TO BUY OAKLEAF
1357:NYMEX WILL EXPAND OFF-HOUR TRADING APRIL ONE
1358:ROSPATCH <RPCH> TO RESPOND TO DIAGNOSTIC <DRS>
1359:GREEN TREE ACCEPTANCE INC <GNT> SETS DIVIDEND
1360:ARGENTINE OIL PRODUCTION DOWN IN JANUARY 1987
1361:ROSPATCH CORP REJECTS OFFER FROM DIAGNOSTIC RETRIEVAL SYSTEMS INC 
1362:NORTH AMERICAN GROUP <NAMG> BUYS GEORGIA FIRM
1363:TALKING POINT/VIACOM INTERNATIONAL <VIA>
1364:UP-RIGHT INC <UPRI> 4TH QTR OPER NET
1365:TALKS SHOW NEW CANADIAN CONFIDENCE, GROUP SAYS
1366:ALBERTSON'S INC <ABS> RAISES QTLY DIVIDEND
1367:WAVEHILL INTERNATIONAL TO MAKE ACQUISITION
1368:SECURITY PACIFIC <SPC> COMPLETES MERGER
1369:U.S. INTEC INC <INTK> 4TH QTR NET
1370:ICI <ICI> SEEKS GAINS IN SPECIALTY BUSINESSES
1371:INT'L HYDRON CORP <HYD> 4TH QTR OPER NET
1372:ALBERTSON'S <ABS> ADOPTS STOCKHOLDER RIGHTS PLAN
1373:ROSPATCH <RPCH> REJECTS DIAGNOSTIC <DRS> BID
1374:SYNTECH INTERENATIONAL INC <SYNE> 4TH QTR NET
1375:INT'L MINERALS <IGL> BUYS ANIMAL PRODUCTS UNIT
1376:JWT <JWT> NOT APPROACHED BY GROUP SEEKING SHARES
1377:COEUR D'ALENE MINES CORP <COUR> 4TH QTR LOSS
1378:FOOTE MINERAL <FTE> SELLS CAMBRIDGE PLANT
1379:U.S. WHEAT GROUPS CALL FOR GLOBAL ACTION
1380:GELCO <GEL> SEES FLAT 1987 PRETAX OPERATING NET
1381:UTILICORP <UCU> ACQUIRES DOMINION <D> SUBSIDIARY
1382:PESCH SEES SHAREHOLDER SUPPORT IN AMI <AMI> BID
1383:SENIOR DELEGATES PESSIMISTIC ON ICO TALKS
1384:GLAMIS GOLD LTD <GLGVF> SIX MTHS DEC 31 NET
1385:U.S. APPROVES BUYOUT OF COASTAL BANCORP <CSBK>
1386:LITTLE PRINCE PRODUCTIONS LTD<LTLP>1ST QTR LOSS
1387:AMCA <AIL> TO SELL SOME DOMINION BRIDGE ASSETS
1388:SCOTT'S HOSPITALITY ACQUIRES CAPITAL FOOD
1389:UNION NATIONAL <UNBC> SIGNS DEFINITIVE PACT
1390:ANALYSTS SEE NO OTHER BIDDER FOR PUROLATOR<PCC>
1391:WHITEHALL CORP <WHT> 4TH QTR NET
1392:SERVICE CORP INTERNATIONAL <SRV> 3RD QTR NET
1393:PEOPLES BANCORPORATION <PEOP> QUARTERLY DIVIDEND
1394:CPL REIT <CNTRS> 4TH QTR NET
1395:REPUBLIC AUTOMOTIVE PARTS <RAUT> 4TH QTR LOSS
1396:REALMERICA CO <RACO> YEAR NOV 30 NET
1397:S-K-I LTD <SKII> 2ND QTR JAN 25 NET
1398:FERRO CORP <FOE> SETS JOINT VENTURE
1399:NYMEX RULE CHANGE SEEN BOOSTING ENERGY TRADE
1400:U.S. REFINERY COPPER STOCKS FALL IN JANUARY
1401:CCL UNIT ACQUIRES NESTLE CANADA CAN OPERATIONS
1402:AMERICAN PORK CONGRESS KICKS OFF TOMORROW
1403:COPPER STOCKS OUTSIDE U.S. INCREASE IN DECEMBER
1404:MFS MANAGED MUNCIPAL BOND TRUST SETS PAYOUT
1405:U.S. BRASS MILL COPPER STOCKS LOWER IN JANUARY
1406:MFS MUNICIPAL INCOME TRUST <MFM> SETS PAYOUT
1407:PITTWAY CORP <PRY> 4TH QTR NET
1408:ARMTEK <ARM> TO SELL INDUSTRIAL TIRE UNIT
1409:PETROLITE CORP <PLIT> SETS PAYOUT
1410:NYMEX TO SUBMIT PROPANE PROPOSAL TO CFTC
1411:australian annual broad money supply growth 10.3 pct in January 
1412:YEUTTER BLASTS PROPOSED EC OILS AND FATS TAX
1413:EXXON <XON> CUTS HEATING OIL BARGE PRICE
1414:GREECE SAYS IT HAS RIGHT ON AEGEAN OIL DRILLING
1415:LEUCADIA <LUK> HAS 7.2 PCT OF MINSTAR <MNST>
1416:BASIX CORP <BAS> 4TH QTR LOSS
1417:AUSTRALIAN JANUARY ANNUAL BROAD MONEY UP 10.3 PCT
1418:MICROBIO <MRC> PLANS ACQUISITION, FINANCING
1419:ICO COUNCIL ENDS IN FAILURE TO AGREE QUOTAS
1420:FRANCE HAS LITTLE ROOM FOR MANOEUVRE, OECD SAYS
1421:PAINEWEBBER<PWJ> UNIT UPS SHAER SHOE <SHS> STAKE
1422:TELECREDIT INC <TCRD> 3RD QTR JAN 31 NET
1423:LASER PRECISION CORP <LASR> 4TH QTR NET
1424:REXNORD <REX> TO REDEEM RIGHTS
1425:CANTREX UNIT TO MERGE WITH ONTARIO GROUP
1426:INVESTMENT FIRM BOOSTS LDBRINKMAN <DBC> STAKE
1427:ITT'S <ITT> HARTFORD UNIT POSTS 4TH QTR GAIN
1428:SEC PROBES 1986 TRE <TRE> TAKEOVER ATTEMPT
1429:CBT FEBRUARY VOLUME DOWN 14 PCT FROM YEAR AGO
1430:USSR WHEAT BONUS RUMORS PERSIST DESPITE DENIALS
1431:CANADIAN SEAFARERS THREATEN STRIKE
1432:DALLAS CORP <DLS> 4TH QTR LOSS
1433:DILLARD DEPARTMENT STORES INC <DDS> 4TH QTR NET
1434:KENTUCKY CENTRAL LIFE <KENCA> SETS PAYOUT
1435:BANK OF NEW ENGLAND CORP <BKNE> QTLY DIVIDEND
1436:JAPAN UNEMPLOYMNENT RISES TO RECORD IN JANUARY
1437:FORD <F> EUROPE EARNINGS UP 71 PCT LAST YEAR
1438:SOUTH KOREA'S LEADING INDICATORS FALL IN DECEMBER
1439:JAPANESE ECONOMIST SEES STABLE YEN/DOLLAR RATES
1440:OPEC WITHIN OUTPUT CEILING, SUBROTO SAYS
1441:OFFICIAL INQUIRY SET FOR AUSTRALIAN WHEAT INDUSTRY
1442:COFFEE TRADERS EXPECT SELLOFF AFTER ICO TALKS FAIL
1443:CRA Ltd 1986 net profit 138.2 mln dlrs vs 87.8 mln 
1444:N.Z. QUARTERLY CURRENT ACCOUNT DEFICIT NARROWS
1445:TRANSAMERICA SELLS OCCIDENTAL LIFE AUSTRALIA
1446:CRA LTD <CRAA.S> 1986 NET
1447:MALAYSIA RE-IMPOSES EXPORT DUTIES ON RUBBER
1448:MALAYSIA RAISES DUTY ON PROCESSED PALM OIL
1449:comalco ltd 1986 net profit 57.1 mln dlrs vs loss 69.1 mln 
1450:COMALCO LTD <CMAC.S> 1986 NET
1451:JAPAN'S UNEMPLOYMENT RATE SEEN RISING TO 3.5 PCT
1452:SOUTH KOREAN TRADE SURPLUS NARROWS IN FEBRUARY
1453:JAPAN MOVES TO TIGHTEN CHIP-EXPORT CURBS
1454:FINNISH UNEMPLOYMENT AT 6.7 PCT IN DECEMBER
1455:BANKERS SEE SHARP RISE IN THAI FOREIGN RESERVES
1456:SWEDEN HAS CURRENT PAYMENTS SURPLUS IN 1986
1457:FISONS PLC <FISN.L> YEAR TO END-1986
1458: MAJOR SWISS BANKS RAISE CUSTOMER TIME DEPOSIT RATES 1/4 POINT TO THREE PCT - CREDIT SUISSE 
1459: CORRECTED - MAJOR SWISS BANKS RAISE CUSTOMER TIME DEPOSIT RATES 1/4 POINT TO 3-1/4 PCT - CREDIT SUISSE 
1460:PHILIPPINE PLANNING CHIEF URGES PESO DEVALUATION
1461:U.K. CLEARS CONS GOLD U.S. PURCHASE
1462:ZAIRE ACCEPTS TIN-EXPORT QUOTA, ATPC SAYS
1463:U.K. MONEY MARKET DEFICIT FORECAST AT 350 MLN STG
1464:SAUDI RIYAL DEPOSIT RATES EASE
1465:PEMEX SIGNS 500 MLN DLR JAPAN LOAN FOR PIPELINE
1466:STC PLC <STCL.L> YEAR TO END-1986
1467:COMALCO SAYS LOWER COSTS HELPED RETURN TO PROFITS
1468:CRA EXPECTS TO PAY FINAL DIVIDEND OF 10 CENTS
1469:SWISS CAPITAL EXPORTS RISE IN JANUARY
1470:CHINA CALLS FOR BETTER TRADE DEAL WITH U.S.
1471:NO BUNDESBANK POLICY CHANGES EXPECTED THURSDAY
1472:ITALY CONSUMER PRICES RISE 0.4 PCT IN FEBRUARY
1473:MOBIL PLAN TO OPEN PEKING OFFICE, CHINA DAILY SAYS
1474:KLM TO TAKE 15 PCT STAKE IN AIR UK
1475:
1476:U.K. RESERVES SHOW UNDERLYING RISE IN FEBRUARY
1477:COMALCO SAYS LOWER COSTS HELP RETURN TO PROFITS
1478:ULTRAMAR SELLS U.K. MARKETING UNITS FOR 50 MLN STG
1479:HONG KONG M3 RISES 2.2 PCT IN JANUARY
1480:WOOLWORTH, UNDERWOODS FAIL TO AGREE ON BID
1481:NO BUNDESBANK POLICY CHANGES EXPECTED THURSDAY
1482:U.K. MONEY MARKET SHORTAGE FORECAST REVISED UP
1483:PAKISTAN TO RETENDER FOR RBD PALM OIL TOMORROW
1484:MOBIL PLANS TO OPEN OFFICE IN PEKING
1485:Unilever Plc and Nv combined 1986 pre-tax profit 1.14 billion stg vs 953 mln. 
1486:OPEC WITHIN OUTPUT CEILING, SUBROTO SAYS
1487:U.K. MONEY MARKET GIVEN 24 MLN STG ASSISTANCE
1488:JAPAN'S UNEMPLOYMENT RATE SEEN RISING TO 3.5 PCT
1489:
1490:HK HOTELS SOARS ON TAKEOVER SPECULATION
1491:BRYSON PAYS 5.4 MLN DLRS FOR CENERGY CORP STAKE
1492:ASHTON-TATE <TATE> 4TH QTR NET
1493:NEITHER SIDE OPTIMISTIC ON ROTTERDAM PORT ISSUES
1494:UNILEVER IMPROVES IN MOST SECTORS DURING 1986
1495:U.S. LEADING INDICATORS FELL 1.0 PCT IN JAN AFTER REVISED 2.3 PCT DEC RISE 
1496:U.S. LEADING INDEX FELL 1.0 PCT IN JANUARY
1497:BURLINGTON COAT FACTORY WAREHOUSE CORP <BCF> NET
1498:COFFEE PRICE FALL SHORT TERM - DUTCH ROASTERS
1499:GREENWOOD RESOURCES <GRRL> SELLS COMPANY STAKE
1500:F.W. WOOLWORTH CO 4TH QTR SHR 1.78 DLRS VS 1.64 DLRS 
1501:HEINZ INTERESTED IN BUYING GUINNESS BREWING
1502:EQUATORIAL COMMUNICATIONS <EQUA> TO HAVE LOSSES
1503:TRANSAMERICA <TA> TO HAVE AUSTRALIAN SALE GAIN
1504:VIACOM INTERNATIONAL INC GETS ANOTHER NEW NATIONAL AMUSEMENTS BID 
1505:F.W. WOOLWORTH CO <Z> 4TH QTR JAN 31 NET
1506:BP OIL RAISES OPERATING PROFIT
1507:U.S. ASKS JAPAN END AGRICULTURE IMPORT CONTROLS
1508:FIRSTCORP <FCR> SEES GAIN ON CONDEMNATION
1509:<NATIONAL SEA PRODUCTS LTD> 4TH QTR NET
